// Jest Snapshot v1, https://goo.gl/fbAQLP

exports[`<Button /> should render a button with different props (snapshot test) 1`] = `
<DocumentFragment>
  .c0 {
  gap: 1.5rem;
  padding: 0.75rem 2.25rem;
  font-size: 1rem;
  position: relative;
  border: none;
  cursor: pointer;
  box-sizing: border-box;
  display: inline-flex;
  vertical-align: middle;
  flex-direction: row;
  align-items: center;
  justify-content: center;
  background-color: transparent;
  color: #1D1C1C;
  text-transform: uppercase;
  line-height: 1;
}

.c0::after,
.c0:before {
  box-sizing: border-box;
  content: '';
  display: block;
  position: absolute;
  width: 30%;
  height: 50%;
  border: 0.125em solid;
  transition: all 0.6s ease;
}

.c0::after {
  bottom: 0;
  right: 0;
  border-top-color: transparent;
  border-left-color: transparent;
  border-bottom-color: currentColor;
  border-right-color: currentColor;
}

.c0::before {
  top: 0;
  left: 0;
  border-bottom-color: transparent;
  border-right-color: transparent;
  border-top-color: currentColor;
  border-left-color: currentColor;
}

.c0.border:after,
.c0.border:before,
.c0:hover:after,
.c0:hover:before {
  width: 100%;
  height: 100%;
}

<button
    class="c0 border"
  >
    <svg>
      start icon
    </svg>
    <span>
      Click me
    </span>
    <svg>
      end icon
    </svg>
  </button>
</DocumentFragment>
`;
